13 40 82 72 45
68 170 308 246 144
155 350 587 438 243
242 530 866 630 342
160 346 559 402 216
0